$GPRMC,000000.00,A,5700.4506,N,13441.3657,W,6.8,180.8,050826,,*26
$GPRMC,000001.00,A,5701.8935,N,13421.9674,W,7.0,182.3,140826,,*2B
$GPRMC,000002.00,A,5702.3811,N,13474.9863,W,6.6,179.4,010826,,*2F
$GPRMC,000003.00,A,5703.8928,N,13463.3611,W,6.8,179.8,150826,,*2F
$GPRMC,000004.00,A,5704.0106,N,13430.6924,W,7.1,180.3,110826,,*28
$GPRMC,000005.00,A,5705.5514,N,13423.1519,W,6.8,179.0,130826,,*22
$GPRMC,000006.00,A,5706.9891,N,13443.0711,W,7.1,176.6,240826,,*26
$GPRMC,000007.00,A,5707.6201,N,13420.9044,W,6.8,176.4,100826,,*2C
$GPRMC,000008.00,A,5708.5925,N,13483.3150,W,6.9,178.3,230826,,*2D
$GPRMC,000009.00,A,5709.4741,N,13420.3814,W,7.0,175.7,280826,,*2A
$GPRMC,000010.00,A,5700.5977,N,13430.6065,W,6.9,173.4,120826,,*2F
$GPRMC,000011.00,A,5701.1169,N,13487.2803,W,6.7,171.6,180826,,*28
$GPRMC,000012.00,A,5702.6216,N,13444.9125,W,6.4,173.0,080826,,*2B
$GPRMC,000013.00,A,5703.0916,N,13439.0525,W,6.7,174.1,260826,,*28
$GPRMC,000014.00,A,5704.3456,N,13482.5155,W,6.5,173.0,070826,,*23
$GPRMC,000015.00,A,5705.7517,N,13428.4339,W,6.4,173.9,050826,,*20
$GPRMC,000016.00,A,5706.4304,N,13484.7019,W,6.5,172.4,290826,,*20
$GPRMC,000017.00,A,5707.2266,N,13475.8085,W,6.3,172.9,030826,,*24
$GPRMC,000018.00,A,5708.2504,N,13490.2621,W,6.6,174.4,260826,,*27
$GPRMC,000019.00,A,5709.6304,N,13458.9763,W,6.7,175.5,150826,,*2C
$GPRMC,000020.00,A,5700.0188,N,13497.1876,W,7.1,175.7,220826,,*2E
$GPRMC,000021.00,A,5701.5573,N,13424.4808,W,7.3,178.0,140826,,*22
$GPRMC,000022.00,A,5702.4315,N,13474.2927,W,6.9,175.9,170826,,*26
$GPRMC,000023.00,A,5703.4889,N,13491.8317,W,7.2,178.4,200826,,*2E
$GPRMC,000024.00,A,5704.2646,N,13479.8689,W,7.1,176.6,300826,,*2F
$GPRMC,000025.00,A,5705.0319,N,13424.5947,W,6.9,173.6,290826,,*2E
$GPRMC,000026.00,A,5706.3923,N,13417.3946,W,7.2,176.5,290826,,*25
$GPRMC,000027.00,A,5707.7962,N,13418.8727,W,6.9,176.9,250826,,*23
$GPRMC,000028.00,A,5708.9007,N,13431.4342,W,7.0,174.7,170826,,*22
$GPRMC,000029.00,A,5709.3470,N,13479.3295,W,6.9,176.9,230826,,*2F
$GPRMC,000030.00,A,5700.6118,N,13466.8479,W,7.3,175.8,150826,,*2D
$GPRMC,000031.00,A,5701.5539,N,13412.9638,W,7.1,173.5,180826,,*28
$GPRMC,000032.00,A,5702.1163,N,13490.0964,W,6.9,171.9,080826,,*24
$GPRMC,000033.00,A,5703.5413,N,13419.8423,W,6.5,169.3,080826,,*2A
$GPRMC,000034.00,A,5704.8834,N,13426.9355,W,6.5,168.0,190826,,*27
$GPRMC,000035.00,A,5705.6669,N,13434.1545,W,6.7,167.8,040826,,*2A
$GPRMC,000036.00,A,5706.6735,N,13469.0887,W,6.6,168.8,220826,,*22
$GPRMC,000037.00,A,5707.0993,N,13461.5559,W,6.7,169.7,260826,,*2E
$GPRMC,000038.00,A,5708.3116,N,13478.7350,W,6.5,171.9,050826,,*29
$GPRMC,000039.00,A,5709.4092,N,13419.7260,W,6.3,171.4,260826,,*2C
$GPRMC,000040.00,A,5700.0828,N,13493.8856,W,6.4,173.6,270826,,*22
$GPRMC,000041.00,A,5701.3872,N,13431.6658,W,6.0,170.6,160826,,*2D
$GPRMC,000042.00,A,5702.0960,N,13431.6209,W,6.3,170.5,010826,,*2A
$GPRMC,000043.00,A,5703.7454,N,13446.6930,W,6.2,173.4,230826,,*25
$GPRMC,000044.00,A,5704.9105,N,13494.7973,W,6.5,176.2,050826,,*23
$GPRMC,000045.00,A,5705.0958,N,13484.8883,W,6.3,174.3,020826,,*28
$GPRMC,000046.00,A,5706.9571,N,13471.8238,W,6.0,175.8,300826,,*2E
$GPRMC,000047.00,A,5707.8320,N,13420.3044,W,5.7,177.9,030826,,*2C
$GPRMC,000048.00,A,5708.3853,N,13461.1964,W,5.8,178.5,310826,,*29
$GPRMC,000049.00,A,5709.9740,N,13415.1343,W,5.6,180.8,140826,,*21
$GPRMC,000050.00,A,5700.5183,N,13443.3346,W,5.7,181.8,220826,,*24
$GPRMC,000051.00,A,5701.6484,N,13426.4915,W,5.5,183.1,150826,,*20
$GPRMC,000052.00,A,5702.1188,N,13411.7508,W,5.7,182.0,200826,,*2D
$GPRMC,000053.00,A,5703.1200,N,13478.3492,W,6.1,185.0,170826,,*21
$GPRMC,000054.00,A,5704.1127,N,13441.6054,W,6.4,183.6,100826,,*24
$GPRMC,000055.00,A,5705.4956,N,13488.8666,W,6.7,181.5,010826,,*21
$GPRMC,000056.00,A,5706.1697,N,13427.4333,W,6.7,182.5,040826,,*2C
$GPRMC,000057.00,A,5707.2546,N,13444.4616,W,6.9,184.9,200826,,*25
$GPRMC,000058.00,A,5708.4325,N,13474.8004,W,6.8,183.1,090826,,*2F
$GPRMC,000059.00,A,5709.1512,N,13491.6939,W,7.1,185.6,270826,,*2F
$SDDBT,199.8,f,60.9,M,,*58
$SDDBT,201.0,f,61.3,M,,*59
$SDDBT,202.3,f,61.6,M,,*5C
$SDDBT,183.1,f,55.8,M,,*5D
$SDDBT,198.5,f,60.5,M,,*58
$SDDBT,219.7,f,67.0,M,,*52
$SDDBT,188.0,f,57.3,M,,*5E
$SDDBT,196.0,f,59.7,M,,*5B
$SDDBT,204.7,f,62.4,M,,*5F
$SDDBT,200.3,f,61.0,M,,*58
$SDDBT,219.3,f,66.8,M,,*5F
$SDDBT,182.6,f,55.7,M,,*54
$SDDBT,178.2,f,54.3,M,,*50
$SDDBT,193.6,f,59.0,M,,*5F
$SDDBT,194.1,f,59.2,M,,*5D
$SDDBT,196.6,f,59.9,M,,*53
$SDDBT,207.2,f,63.1,M,,*5D
$SDDBT,207.4,f,63.2,M,,*58
$SDDBT,217.2,f,66.2,M,,*5A
$SDDBT,187.3,f,57.1,M,,*50
$SDDBT,216.5,f,66.0,M,,*5E
$SDDBT,180.3,f,54.9,M,,*5C
$SDDBT,202.3,f,61.6,M,,*5C
$SDDBT,208.8,f,63.6,M,,*5F
$SDDBT,216.7,f,66.0,M,,*5C
$SDDBT,212.6,f,64.8,M,,*53
$SDDBT,209.1,f,63.7,M,,*56
$SDDBT,191.8,f,58.5,M,,*57
$SDDBT,195.0,f,59.4,M,,*5B
$SDDBT,195.2,f,59.5,M,,*58
$SDDBT,221.7,f,67.6,M,,*5F
$SDDBT,189.8,f,57.8,M,,*5C
$SDDBT,221.7,f,67.6,M,,*5F
$SDDBT,196.7,f,60.0,M,,*51
$SDDBT,202.0,f,61.6,M,,*5F
$SDDBT,198.2,f,60.4,M,,*5E
$SDDBT,199.1,f,60.7,M,,*5F
$SDDBT,189.3,f,57.7,M,,*58
$SDDBT,219.6,f,66.9,M,,*5B
$SDDBT,190.9,f,58.2,M,,*50
$SDDBT,214.4,f,65.3,M,,*5D
$SDDBT,183.5,f,55.9,M,,*58
$SDDBT,197.8,f,60.3,M,,*5C
$SDDBT,221.0,f,67.4,M,,*5A
$SDDBT,218.9,f,66.7,M,,*5B
$SDDBT,215.3,f,65.6,M,,*5E
$SDDBT,205.4,f,62.6,M,,*5F
$SDDBT,193.4,f,58.9,M,,*55
$SDDBT,205.4,f,62.6,M,,*5F
$SDDBT,187.8,f,57.2,M,,*58
$SDDBT,192.7,f,58.7,M,,*59
$SDDBT,220.1,f,67.1,M,,*5F
$SDDBT,200.4,f,61.1,M,,*5E
$SDDBT,202.6,f,61.8,M,,*57
$SDDBT,203.7,f,62.1,M,,*5D
$SDDBT,210.0,f,64.0,M,,*5F
$SDDBT,220.6,f,67.2,M,,*5B
$SDDBT,176.4,f,53.8,M,,*54
$SDDBT,196.9,f,60.0,M,,*5F
$SDDBT,216.9,f,66.1,M,,*53
$SDDBT,172.7,f,52.6,M,,*5C
$SDDBT,219.9,f,67.0,M,,*5C
$SDDBT,172.3,f,52.5,M,,*5B
$SDDBT,193.6,f,59.0,M,,*5F
$SDDBT,223.8,f,68.2,M,,*59
$SDDBT,221.1,f,67.4,M,,*5B
$SDDBT,213.3,f,65.0,M,,*5E
$SDDBT,227.7,f,69.4,M,,*55
$SDDBT,199.4,f,60.8,M,,*55
$SDDBT,205.7,f,62.7,M,,*5D
$SDDBT,182.2,f,55.5,M,,*52
$SDDBT,207.7,f,63.3,M,,*5A
$SDDBT,193.6,f,59.0,M,,*5F
$SDDBT,215.1,f,65.6,M,,*5C
$SDDBT,188.2,f,57.4,M,,*5B
$SDDBT,199.2,f,60.7,M,,*5C
$SDDBT,191.8,f,58.5,M,,*57
$SDDBT,195.7,f,59.7,M,,*5F
$SDDBT,199.8,f,60.9,M,,*58
$SDDBT,199.3,f,60.8,M,,*52